running egg_info
writing ../../build/dds_mission/dds_mission.egg-info/PKG-INFO
writing dependency_links to ../../build/dds_mission/dds_mission.egg-info/dependency_links.txt
writing entry points to ../../build/dds_mission/dds_mission.egg-info/entry_points.txt
writing requirements to ../../build/dds_mission/dds_mission.egg-info/requires.txt
writing top-level names to ../../build/dds_mission/dds_mission.egg-info/top_level.txt
reading manifest file '../../build/dds_mission/dds_mission.egg-info/SOURCES.txt'
writing manifest file '../../build/dds_mission/dds_mission.egg-info/SOURCES.txt'
running build
running build_py
copying dds_mission/mission.py -> /home/dds/DDS/autonomy_ws/build/dds_mission/build/lib/dds_mission
running install
running install_lib
copying /home/dds/DDS/autonomy_ws/build/dds_mission/build/lib/dds_mission/mission.py -> /home/dds/DDS/autonomy_ws/install/dds_mission/lib/python3.10/site-packages/dds_mission
byte-compiling /home/dds/DDS/autonomy_ws/install/dds_mission/lib/python3.10/site-packages/dds_mission/mission.py to mission.cpython-310.pyc
Sorry: IndentationError: expected an indented block after function definition on line 68 (mission.py, line 69)
running install_data
running install_egg_info
removing '/home/dds/DDS/autonomy_ws/install/dds_mission/lib/python3.10/site-packages/dds_mission-0.0.0-py3.10.egg-info' (and everything under it)
Copying ../../build/dds_mission/dds_mission.egg-info to /home/dds/DDS/autonomy_ws/install/dds_mission/lib/python3.10/site-packages/dds_mission-0.0.0-py3.10.egg-info
running install_scripts
Installing mission script to /home/dds/DDS/autonomy_ws/install/dds_mission/lib/dds_mission
writing list of installed files to '/home/dds/DDS/autonomy_ws/build/dds_mission/install.log'
