[1.427s] Invoking command in '/home/dds/DDS/autonomy_ws/src/dds_mission': PYTHONPATH=/home/dds/DDS/autonomy_ws/build/dds_mission/prefix_override:/usr/lib/python3/dist-packages/colcon_core/task/python/colcon_distutils_commands:/home/dds/DDS/autonomy_ws/install/dds_mission/lib/python3.10/site-packages:${PYTHONPATH} /usr/bin/python3 -W ignore:setup.py install is deprecated -W ignore:easy_install command is deprecated setup.py egg_info --egg-base ../../build/dds_mission build --build-base /home/dds/DDS/autonomy_ws/build/dds_mission/build install --record /home/dds/DDS/autonomy_ws/build/dds_mission/install.log --single-version-externally-managed install_data
[1.937s] running egg_info
[1.940s] writing ../../build/dds_mission/dds_mission.egg-info/PKG-INFO
[1.940s] writing dependency_links to ../../build/dds_mission/dds_mission.egg-info/dependency_links.txt
[1.941s] writing entry points to ../../build/dds_mission/dds_mission.egg-info/entry_points.txt
[1.941s] writing requirements to ../../build/dds_mission/dds_mission.egg-info/requires.txt
[1.941s] writing top-level names to ../../build/dds_mission/dds_mission.egg-info/top_level.txt
[1.947s] reading manifest file '../../build/dds_mission/dds_mission.egg-info/SOURCES.txt'
[1.949s] writing manifest file '../../build/dds_mission/dds_mission.egg-info/SOURCES.txt'
[1.949s] running build
[1.949s] running build_py
[1.949s] copying dds_mission/mission.py -> /home/dds/DDS/autonomy_ws/build/dds_mission/build/lib/dds_mission
[1.950s] running install
[1.951s] running install_lib
[1.953s] copying /home/dds/DDS/autonomy_ws/build/dds_mission/build/lib/dds_mission/mission.py -> /home/dds/DDS/autonomy_ws/install/dds_mission/lib/python3.10/site-packages/dds_mission
[1.955s] byte-compiling /home/dds/DDS/autonomy_ws/install/dds_mission/lib/python3.10/site-packages/dds_mission/mission.py to mission.cpython-310.pyc
[1.956s] running install_data
[1.957s] running install_egg_info
[1.961s] removing '/home/dds/DDS/autonomy_ws/install/dds_mission/lib/python3.10/site-packages/dds_mission-0.0.0-py3.10.egg-info' (and everything under it)
[1.962s] Copying ../../build/dds_mission/dds_mission.egg-info to /home/dds/DDS/autonomy_ws/install/dds_mission/lib/python3.10/site-packages/dds_mission-0.0.0-py3.10.egg-info
[1.964s] running install_scripts
[2.015s] Installing mission script to /home/dds/DDS/autonomy_ws/install/dds_mission/lib/dds_mission
[2.016s] writing list of installed files to '/home/dds/DDS/autonomy_ws/build/dds_mission/install.log'
[2.110s] Invoked command in '/home/dds/DDS/autonomy_ws/src/dds_mission' returned '0': PYTHONPATH=/home/dds/DDS/autonomy_ws/build/dds_mission/prefix_override:/usr/lib/python3/dist-packages/colcon_core/task/python/colcon_distutils_commands:/home/dds/DDS/autonomy_ws/install/dds_mission/lib/python3.10/site-packages:${PYTHONPATH} /usr/bin/python3 -W ignore:setup.py install is deprecated -W ignore:easy_install command is deprecated setup.py egg_info --egg-base ../../build/dds_mission build --build-base /home/dds/DDS/autonomy_ws/build/dds_mission/build install --record /home/dds/DDS/autonomy_ws/build/dds_mission/install.log --single-version-externally-managed install_data
