running egg_info
creating ../../build/dds_mission/dds_mission.egg-info
writing ../../build/dds_mission/dds_mission.egg-info/PKG-INFO
writing dependency_links to ../../build/dds_mission/dds_mission.egg-info/dependency_links.txt
writing entry points to ../../build/dds_mission/dds_mission.egg-info/entry_points.txt
writing requirements to ../../build/dds_mission/dds_mission.egg-info/requires.txt
writing top-level names to ../../build/dds_mission/dds_mission.egg-info/top_level.txt
writing manifest file '../../build/dds_mission/dds_mission.egg-info/SOURCES.txt'
reading manifest file '../../build/dds_mission/dds_mission.egg-info/SOURCES.txt'
writing manifest file '../../build/dds_mission/dds_mission.egg-info/SOURCES.txt'
running build
running build_py
creating /home/dds/DDS/autonomy_ws/build/dds_mission/build
creating /home/dds/DDS/autonomy_ws/build/dds_mission/build/lib
creating /home/dds/DDS/autonomy_ws/build/dds_mission/build/lib/dds_mission
copying dds_mission/mission.py -> /home/dds/DDS/autonomy_ws/build/dds_mission/build/lib/dds_mission
copying dds_mission/__init__.py -> /home/dds/DDS/autonomy_ws/build/dds_mission/build/lib/dds_mission
running install
running install_lib
creating /home/dds/DDS/autonomy_ws/install/dds_mission/lib/python3.10/site-packages/dds_mission
copying /home/dds/DDS/autonomy_ws/build/dds_mission/build/lib/dds_mission/mission.py -> /home/dds/DDS/autonomy_ws/install/dds_mission/lib/python3.10/site-packages/dds_mission
copying /home/dds/DDS/autonomy_ws/build/dds_mission/build/lib/dds_mission/__init__.py -> /home/dds/DDS/autonomy_ws/install/dds_mission/lib/python3.10/site-packages/dds_mission
byte-compiling /home/dds/DDS/autonomy_ws/install/dds_mission/lib/python3.10/site-packages/dds_mission/mission.py to mission.cpython-310.pyc
byte-compiling /home/dds/DDS/autonomy_ws/install/dds_mission/lib/python3.10/site-packages/dds_mission/__init__.py to __init__.cpython-310.pyc
running install_data
creating /home/dds/DDS/autonomy_ws/install/dds_mission/share/ament_index
creating /home/dds/DDS/autonomy_ws/install/dds_mission/share/ament_index/resource_index
creating /home/dds/DDS/autonomy_ws/install/dds_mission/share/ament_index/resource_index/packages
copying resource/dds_mission -> /home/dds/DDS/autonomy_ws/install/dds_mission/share/ament_index/resource_index/packages
copying package.xml -> /home/dds/DDS/autonomy_ws/install/dds_mission/share/dds_mission
running install_egg_info
Copying ../../build/dds_mission/dds_mission.egg-info to /home/dds/DDS/autonomy_ws/install/dds_mission/lib/python3.10/site-packages/dds_mission-0.0.0-py3.10.egg-info
running install_scripts
Installing mission script to /home/dds/DDS/autonomy_ws/install/dds_mission/lib/dds_mission
writing list of installed files to '/home/dds/DDS/autonomy_ws/build/dds_mission/install.log'
